Map file of: c:\tse\macros\file\ff.s

                                               Code   Stack
Proc:     bin2i                                  23       0
Proc:     bin2l                                  51       0
Proc:     dosdate                               122     271
Proc:     dostime                               117     271
Binary:   c:\tse\macros\file\ff.bin             108       0
Proc:     findfirst                              39     257
Proc:     findnext                               16       0
Proc:     ffname                                 56     261
Proc:     ffattr                                 12       0
Binary:   c:\tse\macros\file\lowlevel.bin        91       0
Proc:     ziplook                               117     257
Proc:     zipread                               386     534
Proc:     setzip                                  9       0
Menu:     zipsearch                              72       0
Proc:     lookindir                             356     514
Proc:     finddirs                              149     559
Proc:     strtran                               116     285
Proc:     main                                  199     257
KeyDef:   unnamed                                 8       0

                         *** Summary ***

Proc:                                          1768
Binary:                                         199
Publics:                                         22
KeyDef:                                           8
Menu:                                            72
Help:                                             0
Data:                                             0
Variable:                                       251

Total                                          2320
